// Jest Snapshot v1, https://goo.gl/fbAQLP

exports[`TodoAddItem should render todoAddItem correctly 1`] = `ShallowWrapper {}`;
