// Jest Snapshot v1, https://goo.gl/fbAQLP

exports[`App should render todosLists correctly 1`] = `ShallowWrapper {}`;

exports[`TodoList should render todosLists correctly 1`] = `ShallowWrapper {}`;
